yarn run v1.22.22
$ jest tests/graduation.spec.ts
node.exe : FAIL tests/graduation.spec.ts
위치 C:\Users\d1o1n\AppData\Roaming\npm\yarn.ps1:24 문자:
5
+     & "node$exe"  "$basedir/node_modules/corepack/d
ist/yarn.js" $args
+     ~~~~~~~~~~~~~~~~~~~~~~~~~~~~~~~~~~~~~~~~~~~~~~~
~~~~~~~~~~~~~~~~~~
    + CategoryInfo          : NotSpecified: (FAIL te 
   sts/graduation.spec.ts:String) [], RemoteExcepti  
  on
    + FullyQualifiedErrorId : NativeCommandError
 
  Graduation Logic (20205098)
    횞 should infer user major as EC and calculate cre
dits correctly (1 ms)

  ??Graduation Logic (20205098) ??should infer user m
ajor as EC and calculate credits correctly

    TypeError: _classifier.COMMON_MAJOR_PREFIXES is n
ot iterable

      67 |     normalized.takenCourses.forEach((cours
e) => {
      68 |       const code = course.courseCode.toUpp
erCase().replace(/[^A-Z]/g, ''); // Extract alphas
    > 69 |       for (const prefix of COMMON_MAJOR_PR
EFIXES) {
         |                            ^
      70 |         if (code.startsWith(prefix)) {
      71 |           counts[prefix] = (counts[prefix]
 || 0) + 1;
      72 |         }

      at forEach (features/graduation/usecases/upload
AndEvaluate.ts:69:28)
          at Array.forEach (<anonymous>)
      at uploadAndEvaluate (features/graduation/useca
ses/uploadAndEvaluate.ts:67:29)
      at Object.<anonymous> (tests/graduation.spec.ts
:11:43)
      at TestScheduler.scheduleTests (node_modules/@j
est/core/build/TestScheduler.js:333:13)
      at runJest (node_modules/@jest/core/build/runJe
st.js:404:19)
      at _run10000 (node_modules/@jest/core/build/cli
/index.js:320:7)
      at runCLI (node_modules/@jest/core/build/cli/in
dex.js:173:3)

Test Suites: 1 failed, 1 total
Tests:       1 failed, 1 total
Snapshots:   0 total
Time:        0.858 s, estimated 1 s
Ran all test suites matching /tests\\graduation.spec.
ts/i.
error Command failed with exit code 1.
info Visit https://yarnpkg.com/en/docs/cli/run for documentation about this command.
